// Jest Snapshot v1, https://goo.gl/fbAQLP

exports[`CoursesSearch component component matches snapshot when loading 1`] = `
<styled.div>
  <styled.div>
    <TextField
      id="outlined-full-width"
      label="Label"
      margin="normal"
      onChange={[Function]}
      placeholder="Search..."
    />
  </styled.div>
  <styled.div>
    <LoadingSpinner />
  </styled.div>
</styled.div>
`;

exports[`CoursesSearch component component matches snapshot when not loading 1`] = `
<styled.div>
  <styled.div>
    <TextField
      id="outlined-full-width"
      label="Label"
      margin="normal"
      onChange={[Function]}
      placeholder="Search..."
    />
  </styled.div>
  <styled.div>
    <styled.div
      key="5"
    >
      <styled.div>
        <styled.span>
          <p>
            Loops
          </p>
          <p>
            [
            JAVA
            ]
          </p>
        </styled.span>
        <p>
          Learn how to utilise Loops in your programs.
        </p>
        <span>
          <p>
            This course has been selected 
            <span
              style={
                Object {
                  "color": "#B4DF4E",
                }
              }
            >
              1
            </span>
             time(s).
          </p>
          <Button
            hierarchy="primary"
            onClick={[Function]}
            size="small"
            text="Go"
            variant="outlined"
          />
        </span>
        <styled.hr />
      </styled.div>
    </styled.div>
  </styled.div>
</styled.div>
`;
