// Jest Snapshot v1, https://goo.gl/fbAQLP

exports[`ForumPost component component matches snapshot 1`] = `
<styled.div>
  <styled.div
    key="1"
  >
    <styled.div>
      <styled.span />
      <styled.span />
      <styled.hr />
    </styled.div>
  </styled.div>
  <ForumPost
    id="1"
  />
</styled.div>
`;
