// Jest Snapshot v1, https://goo.gl/fbAQLP

exports[`ForumPreview component component matches snapshot 1`] = `
<styled.div>
  <styled.div>
    Forum Posts:
  </styled.div>
  <styled.div>
    <styled.div
      key="1"
    >
      <styled.div>
        <p>
          ArrayLists vs Linked Lists
        </p>
        <p>
          [
          HELP
          ]
        </p>
      </styled.div>
      <styled.div>
        <Button
          hierarchy="primary"
          onClick={[Function]}
          size="small"
          text="View"
          variant="outlined"
        />
        <p>
          4
           comments
        </p>
      </styled.div>
    </styled.div>
    <styled.div
      key="2"
    >
      <styled.div>
        <p>
          Can this be done in one loop?
        </p>
        <p>
          [
          HELP
          ]
        </p>
      </styled.div>
      <styled.div>
        <Button
          hierarchy="primary"
          onClick={[Function]}
          size="small"
          text="View"
          variant="outlined"
        />
        <p>
          4
           comments
        </p>
      </styled.div>
    </styled.div>
    <styled.div
      key="3"
    >
      <styled.div>
        <p>
          ReactJS [JavaScript]
        </p>
        <p>
          [
          LESSON
          ]
        </p>
      </styled.div>
      <styled.div>
        <Button
          hierarchy="primary"
          onClick={[Function]}
          size="small"
          text="View"
          variant="outlined"
        />
        <p>
          0
           comments
        </p>
      </styled.div>
    </styled.div>
    <styled.div
      key="4"
    >
      <styled.div>
        <p>
          Lambda Functions [Java]
        </p>
        <p>
          [
          LESSON
          ]
        </p>
      </styled.div>
      <styled.div>
        <Button
          hierarchy="primary"
          onClick={[Function]}
          size="small"
          text="View"
          variant="outlined"
        />
        <p>
          0
           comments
        </p>
      </styled.div>
    </styled.div>
    <styled.div
      key="5"
    >
      <styled.div>
        <p>
          Recursion [Python]
        </p>
        <p>
          [
          LESSON
          ]
        </p>
      </styled.div>
      <styled.div>
        <Button
          hierarchy="primary"
          onClick={[Function]}
          size="small"
          text="View"
          variant="outlined"
        />
        <p>
          0
           comments
        </p>
      </styled.div>
    </styled.div>
    <styled.div
      key="6"
    >
      <styled.div>
        <p>
          Polymorphism [Java]
        </p>
        <p>
          [
          LESSON
          ]
        </p>
      </styled.div>
      <styled.div>
        <Button
          hierarchy="primary"
          onClick={[Function]}
          size="small"
          text="View"
          variant="outlined"
        />
        <p>
          0
           comments
        </p>
      </styled.div>
    </styled.div>
    <styled.div
      key="7"
    >
      <styled.div>
        <p>
          Control Flow and Conditionals [Python]
        </p>
        <p>
          [
          LESSON
          ]
        </p>
      </styled.div>
      <styled.div>
        <Button
          hierarchy="primary"
          onClick={[Function]}
          size="small"
          text="View"
          variant="outlined"
        />
        <p>
          0
           comments
        </p>
      </styled.div>
    </styled.div>
    <styled.div
      key="8"
    >
      <styled.div>
        <p>
          Classes and Objects [Python]
        </p>
        <p>
          [
          LESSON
          ]
        </p>
      </styled.div>
      <styled.div>
        <Button
          hierarchy="primary"
          onClick={[Function]}
          size="small"
          text="View"
          variant="outlined"
        />
        <p>
          0
           comments
        </p>
      </styled.div>
    </styled.div>
    <styled.div
      key="9"
    >
      <styled.div>
        <p>
          ES6 Arrow Functions [JavaScript]
        </p>
        <p>
          [
          LESSON
          ]
        </p>
      </styled.div>
      <styled.div>
        <Button
          hierarchy="primary"
          onClick={[Function]}
          size="small"
          text="View"
          variant="outlined"
        />
        <p>
          0
           comments
        </p>
      </styled.div>
    </styled.div>
  </styled.div>
</styled.div>
`;
