// Jest Snapshot v1, https://goo.gl/fbAQLP

exports[`ForumPreview component component matches snapshot 1`] = `
<styled.div>
  <styled.div>
    Forum Posts:
  </styled.div>
  <styled.div>
    <styled.div
      key="1"
    >
      <styled.div>
        <p>
          Recursion: [JAVASCRIPT]
        </p>
        <p>
          [Lesson]
        </p>
      </styled.div>
      <styled.div>
        <Button
          hierarchy="primary"
          onClick={[Function]}
          size="small"
          text="View"
          variant="outlined"
        />
      </styled.div>
    </styled.div>
  </styled.div>
</styled.div>
`;
