// Jest Snapshot v1, https://goo.gl/fbAQLP

exports[`QuizForm component component matches snapshot 1`] = `
<styled.div>
  <styled.div>
    Quiz Questions
  </styled.div>
  <styled.div>
    <QuizQuestionForm
      questionNumber={1}
      setQuestionNumber={[Function]}
    />
  </styled.div>
</styled.div>
`;
