// Jest Snapshot v1, https://goo.gl/fbAQLP

exports[`UserCourses component component matches snapshot 1`] = `
<styled.div>
  <styled.div>
    Pick up where you left off...
  </styled.div>
  <Slider
    dots={true}
    infinite={true}
    responsive={
      Array [
        Object {
          "breakpoint": 1280,
          "settings": Object {
            "dots": true,
            "infinite": true,
            "slidesToScroll": 1,
            "slidesToShow": 1,
          },
        },
      ]
    }
    slidesToScroll={1}
    slidesToShow={2}
    speed={500}
  />
</styled.div>
`;
