// Jest Snapshot v1, https://goo.gl/fbAQLP

exports[`LoginForm component component matches snapshot 1`] = `
<form
  autoComplete="off"
  className="makeStyles-root-1"
  noValidate={true}
>
  <WithStyles(ForwardRef(Grid))
    container={true}
    spacing={3}
  >
    <WithStyles(ForwardRef(Grid))
      item={true}
      xs={12}
    >
      <WithStyles(ForwardRef(TextField))
        id="outlined-username"
        label="Username"
        type="text"
        variant="filled"
      />
    </WithStyles(ForwardRef(Grid))>
  </WithStyles(ForwardRef(Grid))>
  <WithStyles(ForwardRef(Grid))
    container={true}
    spacing={3}
  >
    <WithStyles(ForwardRef(Grid))
      item={true}
      xs={12}
    >
      <WithStyles(ForwardRef(TextField))
        autoComplete="current-password"
        id="outlined-password"
        label="Password"
        type="password"
        variant="filled"
      />
    </WithStyles(ForwardRef(Grid))>
  </WithStyles(ForwardRef(Grid))>
  <WithStyles(ForwardRef(Grid))
    container={true}
    spacing={3}
  >
    <WithStyles(ForwardRef(Grid))
      item={true}
      xs={12}
    >
      <Button
        text="Log in"
      />
    </WithStyles(ForwardRef(Grid))>
  </WithStyles(ForwardRef(Grid))>
</form>
`;
