// Jest Snapshot v1, https://goo.gl/fbAQLP

exports[`RegisterForm component component matches snapshot 1`] = `
<form
  autoComplete="off"
  className="makeStyles-root-1"
  noValidate={true}
>
  <WithStyles(ForwardRef(Grid))
    container={true}
    spacing={3}
  >
    <WithStyles(ForwardRef(Grid))
      item={true}
      xs={12}
    >
      <WithStyles(ForwardRef(TextField))
        id="outlined-username"
        label="Username"
        onChange={[Function]}
        type="text"
        variant="filled"
      />
    </WithStyles(ForwardRef(Grid))>
  </WithStyles(ForwardRef(Grid))>
  <WithStyles(ForwardRef(Grid))
    container={true}
    spacing={3}
  >
    <WithStyles(ForwardRef(Grid))
      item={true}
      xs={12}
    >
      <WithStyles(ForwardRef(TextField))
        autoComplete="off"
        id="outlined-email"
        label="Email Address"
        onChange={[Function]}
        type="email"
        variant="filled"
      />
    </WithStyles(ForwardRef(Grid))>
  </WithStyles(ForwardRef(Grid))>
  <WithStyles(ForwardRef(Grid))
    container={true}
    spacing={3}
  >
    <WithStyles(ForwardRef(Grid))
      item={true}
      xs={12}
    >
      <WithStyles(ForwardRef(TextField))
        id="outlined-password"
        label="Password"
        onChange={[Function]}
        type="password"
        variant="filled"
      />
    </WithStyles(ForwardRef(Grid))>
  </WithStyles(ForwardRef(Grid))>
  <WithStyles(ForwardRef(Grid))
    container={true}
    spacing={3}
  >
    <WithStyles(ForwardRef(Grid))
      item={true}
      xs={12}
    >
      <WithStyles(ForwardRef(TextField))
        id="outlined-retyped-password"
        label="Retype Password"
        onChange={[Function]}
        type="password"
        variant="filled"
      />
    </WithStyles(ForwardRef(Grid))>
  </WithStyles(ForwardRef(Grid))>
  <WithStyles(ForwardRef(Grid))
    container={true}
    spacing={3}
  >
    <WithStyles(ForwardRef(Grid))
      item={true}
      xs={12}
    >
      <Button
        onClick={[Function]}
        text="Register"
        variant="text"
      />
    </WithStyles(ForwardRef(Grid))>
  </WithStyles(ForwardRef(Grid))>
</form>
`;
