// Jest Snapshot v1, https://goo.gl/fbAQLP

exports[`PostComment component component matches snapshot with comments 1`] = `
<styled.div>
  <styled.div>
    Discussion:
  </styled.div>
  <styled.div
    key="1"
  >
    <styled.div>
      [
      anon
      ]: 
      No it can't my guy
      <CommentBlock
        allComments={
          Array [
            Object {
              "authorusername": "anon",
              "comment": "No it can't my guy",
              "commentid": "1",
              "parentid": "0",
            },
            Object {
              "authorusername": "SkinnyPaddy",
              "comment": "Shut up bitch",
              "commentid": "5",
              "parentid": "0",
            },
            Object {
              "authorusername": "ScrawnyColeman",
              "comment": "Oh okay. That sucks",
              "commentid": "2",
              "parentid": "1",
            },
            Object {
              "authorusername": "SkinnyPaddy",
              "comment": "Helpful comment. Good Job... OP, you can use arraylists for...",
              "commentid": "3",
              "parentid": "1",
            },
            Object {
              "authorusername": "ScrawnyColeman",
              "comment": "Thank you!!",
              "commentid": "4",
              "parentid": "3",
            },
          ]
        }
        childComments={
          Array [
            Object {
              "authorusername": "ScrawnyColeman",
              "comment": "Oh okay. That sucks",
              "commentid": "2",
              "parentid": "1",
            },
            Object {
              "authorusername": "SkinnyPaddy",
              "comment": "Helpful comment. Good Job... OP, you can use arraylists for...",
              "commentid": "3",
              "parentid": "1",
            },
          ]
        }
      />
    </styled.div>
  </styled.div>
  <styled.div
    key="5"
  >
    <styled.div>
      [
      SkinnyPaddy
      ]: 
      Shut up bitch
      <CommentBlock
        allComments={
          Array [
            Object {
              "authorusername": "anon",
              "comment": "No it can't my guy",
              "commentid": "1",
              "parentid": "0",
            },
            Object {
              "authorusername": "SkinnyPaddy",
              "comment": "Shut up bitch",
              "commentid": "5",
              "parentid": "0",
            },
            Object {
              "authorusername": "ScrawnyColeman",
              "comment": "Oh okay. That sucks",
              "commentid": "2",
              "parentid": "1",
            },
            Object {
              "authorusername": "SkinnyPaddy",
              "comment": "Helpful comment. Good Job... OP, you can use arraylists for...",
              "commentid": "3",
              "parentid": "1",
            },
            Object {
              "authorusername": "ScrawnyColeman",
              "comment": "Thank you!!",
              "commentid": "4",
              "parentid": "3",
            },
          ]
        }
        childComments={Array []}
      />
    </styled.div>
  </styled.div>
</styled.div>
`;
