// Jest Snapshot v1, https://goo.gl/fbAQLP

exports[`PopularCourses component component matches snapshot 1`] = `
<styled.div>
  Popular:
  <styled.div
    key="1"
  >
    <styled.div>
      <p>
        React
      </p>
      <p>
        React is an open-source JavaScript library for building user interfaces. It is maintained by Facebook and a community of
      </p>
    </styled.div>
    <styled.img
      src="https://www.cloudcms.com/images/quickstarts/react/react.df70b005.png"
    />
  </styled.div>
  <styled.div
    key="2"
  >
    <styled.div>
      <p>
        Java
      </p>
      <p>
        React is an open-source JavaScript library for building user interfaces. It is maintained by Facebook and a community of
      </p>
    </styled.div>
    <styled.img
      src="https://cdn.vox-cdn.com/thumbor/1SrcuHFZ70PO7OPgSb2_DxM3gUk=/0x0:640x427/1820x1213/filters:focal(0x0:640x427):format(webp)/cdn.vox-cdn.com/assets/1087137/java_logo_640.jpg"
    />
  </styled.div>
  <styled.div
    key="3"
  >
    <styled.div>
      <p>
        Python
      </p>
      <p>
        React is an open-source JavaScript library for building user interfaces. It is maintained by Facebook and a community of
      </p>
    </styled.div>
    <styled.img
      src="https://qph.fs.quoracdn.net/main-qimg-28cadbd02699c25a88e5c78d73c7babc"
    />
  </styled.div>
</styled.div>
`;
