// Jest Snapshot v1, https://goo.gl/fbAQLP

exports[`PopularCourses component component matches snapshot when loading 1`] = `
<styled.div>
  <styled.div>
    Top 5 courses:
  </styled.div>
  <styled.div>
    <LoadingSpinner />
  </styled.div>
</styled.div>
`;

exports[`PopularCourses component component matches snapshot when not oading 1`] = `
<styled.div>
  <styled.div>
    Top 5 courses:
  </styled.div>
  <styled.div>
    <styled.div
      key="5"
    >
      <styled.div>
        <styled.span>
          <p>
             
            1: Loops 
          </p>
          <p>
            [
            JAVA
            ]
          </p>
        </styled.span>
        <p>
          Learn how to utilise Loops in your programs.
        </p>
        <span>
          <p>
            This course has been selected 
            <styled.span>
              1
            </styled.span>
             time(s).
          </p>
          <Button
            hierarchy="primary"
            onClick={[Function]}
            size="small"
            text="Go"
            variant="outlined"
          />
        </span>
      </styled.div>
      <styled.img
        alt="java"
        src="java.png"
      />
    </styled.div>
  </styled.div>
</styled.div>
`;
