// Jest Snapshot v1, https://goo.gl/fbAQLP

exports[`NewLessonPage component component matches snapshot 1`] = `
<styled.div>
  <styled.div>
    <styled.div>
      <LessonKeyInformationForm
        description=""
        languageId={null}
        setDescription={[Function]}
        setEditorLanguage={[Function]}
        setLanguageId={[Function]}
        setTitle={[Function]}
        setYTLink={[Function]}
        title=""
        ytLink=""
      />
    </styled.div>
    <styled.div>
      <TheoryForm
        setTheory={[Function]}
        theory=""
      />
    </styled.div>
  </styled.div>
  <styled.div>
    <Button
      onClick={[Function]}
      text="Quizzes"
      variant="outlined"
    >
      <RightIcon />
    </Button>
  </styled.div>
</styled.div>
`;
