// Jest Snapshot v1, https://goo.gl/fbAQLP

exports[`ForumPage component component matches snapshot with URL param 1`] = `
<styled.div>
  <ForumPostPage />
</styled.div>
`;

exports[`ForumPage component component matches snapshot with no URL param 1`] = `
<styled.div>
  <ForumPreview
    onClick={[Function]}
    posts={Array []}
  />
  <CreateForumPost />
</styled.div>
`;
