// Jest Snapshot v1, https://goo.gl/fbAQLP

exports[`PersonalInformation component component matches snapshot 1`] = `
<styled.div>
  <styled.div>
    <styled.div>
      Account Information
    </styled.div>
    <styled.div>
      <styled.div>
        <styled.span>
          <styled.span>
            Username:
          </styled.span>
          scrawnycoleman
        </styled.span>
      </styled.div>
      <styled.div>
        <styled.span>
          Email:
        </styled.span>
        sample@mail.com
      </styled.div>
    </styled.div>
  </styled.div>
  <styled.div>
    <Button
      hierarchy="primary"
      onClick={[Function]}
      size="small"
      text="Edit Information"
      variant="outlined"
    />
  </styled.div>
  <styled.div />
</styled.div>
`;
