// Jest Snapshot v1, https://goo.gl/fbAQLP

exports[`ForumPostNewCommentForm component component matches snapshot 1`] = `
<styled.div>
  <styled.div>
    Join the discussion...
  </styled.div>
  <styled.div>
    <TextField
      disabled={true}
      id="outlined-full-width"
      label="Label"
      margin="normal"
      onChange={[Function]}
      placeholder="New Comment"
    />
    <TextField
      id="filled-multiline-static"
      margin="normal"
      multiline={true}
      onChange={[Function]}
      placeholder="Write your comment here..."
      rows={20}
      text={null}
    />
    <Button
      hierarchy="primary"
      onClick={[Function]}
      size="large"
      text="Submit"
      variant="outlined"
    />
  </styled.div>
</styled.div>
`;
