// Jest Snapshot v1, https://goo.gl/fbAQLP

exports[`CommentBlock component component matches snapshot with comments 1`] = `
<styled.div>
  <styled.div
    className="parentComment-100"
    key="100"
  >
    <styled.div>
      <styled.div>
        <styled.span>
          [
          ]:
        </styled.span>
         
        This is the best test
      </styled.div>
      <styled.div />
    </styled.div>
    <CommentBlock
      allComments={
        Array [
          Object {
            "author": Object {
              "userName": "Testy McTestFace",
            },
            "comment": "This is the best test",
            "commentid": "1",
            "id": "98",
            "parentid": "0",
          },
          Object {
            "author": Object {
              "userName": "Tester Zero",
            },
            "comment": "Im just happy to be here",
            "commentid": "2",
            "id": "99",
            "parentid": "0",
          },
        ]
      }
      childComments={Array []}
      className="childComment-100"
    />
  </styled.div>
  <styled.div
    className="parentComment-101"
    key="101"
  >
    <styled.div>
      <styled.div>
        <styled.span>
          [
          ]:
        </styled.span>
         
        Im just happy to be here
      </styled.div>
      <styled.div />
    </styled.div>
    <CommentBlock
      allComments={
        Array [
          Object {
            "author": Object {
              "userName": "Testy McTestFace",
            },
            "comment": "This is the best test",
            "commentid": "1",
            "id": "98",
            "parentid": "0",
          },
          Object {
            "author": Object {
              "userName": "Tester Zero",
            },
            "comment": "Im just happy to be here",
            "commentid": "2",
            "id": "99",
            "parentid": "0",
          },
        ]
      }
      childComments={Array []}
      className="childComment-101"
    />
  </styled.div>
</styled.div>
`;

exports[`CommentBlock component component matches snapshot with no comments 1`] = `<styled.div />`;
